// Jest Snapshot v1, https://goo.gl/fbAQLP

exports[`NAV_ITEMS Snapshot Test should match the snapshot 1`] = `
<DocumentFragment>
  <div>
    <div>
      <svg
        aria-hidden="true"
        class="MuiSvgIcon-root MuiSvgIcon-fontSizeMedium css-1umw9bq-MuiSvgIcon-root"
        data-testid="DashboardIcon"
        focusable="false"
        viewBox="0 0 24 24"
      >
        <path
          d="M3 13h8V3H3zm0 8h8v-6H3zm10 0h8V11h-8zm0-18v6h8V3z"
        />
      </svg>
      <span>
        Dashboard
      </span>
    </div>
    <div>
      <svg
        aria-hidden="true"
        class="MuiSvgIcon-root MuiSvgIcon-fontSizeMedium css-1umw9bq-MuiSvgIcon-root"
        data-testid="SettingsIcon"
        focusable="false"
        viewBox="0 0 24 24"
      >
        <path
          d="M19.14 12.94c.04-.3.06-.61.06-.94 0-.32-.02-.64-.07-.94l2.03-1.58c.18-.14.23-.41.12-.61l-1.92-3.32c-.12-.22-.37-.29-.59-.22l-2.39.96c-.5-.38-1.03-.7-1.62-.94l-.36-2.54c-.04-.24-.24-.41-.48-.41h-3.84c-.24 0-.43.17-.47.41l-.36 2.54c-.59.24-1.13.57-1.62.94l-2.39-.96c-.22-.08-.47 0-.59.22L2.74 8.87c-.12.21-.08.47.12.61l2.03 1.58c-.05.3-.09.63-.09.94s.02.64.07.94l-2.03 1.58c-.18.14-.23.41-.12.61l1.92 3.32c.12.22.37.29.59.22l2.39-.96c.5.38 1.03.7 1.62.94l.36 2.54c.05.24.24.41.48.41h3.84c.24 0 .44-.17.47-.41l.36-2.54c.59-.24 1.13-.56 1.62-.94l2.39.96c.22.08.47 0 .59-.22l1.92-3.32c.12-.22.07-.47-.12-.61zM12 15.6c-1.98 0-3.6-1.62-3.6-3.6s1.62-3.6 3.6-3.6 3.6 1.62 3.6 3.6-1.62 3.6-3.6 3.6"
        />
      </svg>
      <span>
        Settings
      </span>
    </div>
    <div>
      <svg
        aria-hidden="true"
        class="MuiSvgIcon-root MuiSvgIcon-fontSizeMedium css-1umw9bq-MuiSvgIcon-root"
        data-testid="PestControlRodentIcon"
        focusable="false"
        viewBox="0 0 24 24"
      >
        <path
          d="m21.31 17.38-2.39-2.13c.52-2.36-1.36-4.25-3.42-4.25-1.16 0-3.5.9-3.5 3.5 0 .97.39 1.84 1.03 2.47l-.71.71C11.5 16.87 11 15.74 11 14.5c0-1.7.96-3.17 2.35-3.93-.7-.36-1.48-.57-2.28-.57-2.38 0-4.37 1.65-4.91 3.87C4.91 13.5 4 12.36 4 11c0-1.66 1.34-3 3-3h2.5C10.88 8 12 6.88 12 5.5S10.88 3 9.5 3H8c-.55 0-1 .45-1 1s.45 1 1 1h1.5c.28 0 .5.22.5.5s-.22.5-.5.5H7c-2.76 0-5 2.24-5 5 0 2.42 1.72 4.44 4 4.9v.03C6 18.73 8.27 21 11.07 21h8.86c1.87 0 2.81-2.34 1.38-3.62M18 19c-.55 0-1-.45-1-1s.45-1 1-1 1 .45 1 1-.45 1-1 1"
        />
      </svg>
      <span>
        Test
      </span>
    </div>
    <div>
      <svg
        aria-hidden="true"
        class="MuiSvgIcon-root MuiSvgIcon-fontSizeMedium css-1umw9bq-MuiSvgIcon-root"
        data-testid="LogoutIcon"
        focusable="false"
        viewBox="0 0 24 24"
      >
        <path
          d="m17 7-1.41 1.41L18.17 11H8v2h10.17l-2.58 2.58L17 17l5-5zM4 5h8V3H4c-1.1 0-2 .9-2 2v14c0 1.1.9 2 2 2h8v-2H4z"
        />
      </svg>
      <span>
        Logout
      </span>
    </div>
  </div>
</DocumentFragment>
`;
